******************************************************************************
                  MSP430 Linker PC v18.1.4                     
******************************************************************************
>> Linked Sun Nov 25 01:22:28 2018

OUTPUT FILE NAME:   <C3_EchoToHost.out>
ENTRY POINT SYMBOL: "_c_int00_noargs"  address: 00004568


MEMORY CONFIGURATION

         name            origin    length      used     unused   attr    fill
----------------------  --------  ---------  --------  --------  ----  --------
  SFR                   00000000   00000010  00000000  00000010  RWIX
  PERIPHERALS_8BIT      00000010   000000f0  00000000  000000f0  RWIX
  PERIPHERALS_16BIT     00000100   00000100  00000000  00000100  RWIX
  INFOD                 00001800   00000080  00000000  00000080  RWIX
  INFOC                 00001880   00000080  00000000  00000080  RWIX
  INFOB                 00001900   00000080  00000000  00000080  RWIX
  INFOA                 00001980   00000080  00000000  00000080  RWIX
  USBRAM                00001c00   00000800  00000000  00000800  RWIX
  RAM                   00002400   00002000  00000228  00001dd8  RWIX
  FLASH                 00004400   0000bb80  00000402  0000b77e  RWIX
  INT00                 0000ff80   00000002  00000000  00000002  RWIX
  INT01                 0000ff82   00000002  00000000  00000002  RWIX
  INT02                 0000ff84   00000002  00000000  00000002  RWIX
  INT03                 0000ff86   00000002  00000000  00000002  RWIX
  INT04                 0000ff88   00000002  00000000  00000002  RWIX
  INT05                 0000ff8a   00000002  00000000  00000002  RWIX
  INT06                 0000ff8c   00000002  00000000  00000002  RWIX
  INT07                 0000ff8e   00000002  00000000  00000002  RWIX
  INT08                 0000ff90   00000002  00000000  00000002  RWIX
  INT09                 0000ff92   00000002  00000000  00000002  RWIX
  INT10                 0000ff94   00000002  00000000  00000002  RWIX
  INT11                 0000ff96   00000002  00000000  00000002  RWIX
  INT12                 0000ff98   00000002  00000000  00000002  RWIX
  INT13                 0000ff9a   00000002  00000000  00000002  RWIX
  INT14                 0000ff9c   00000002  00000000  00000002  RWIX
  INT15                 0000ff9e   00000002  00000000  00000002  RWIX
  INT16                 0000ffa0   00000002  00000000  00000002  RWIX
  INT17                 0000ffa2   00000002  00000000  00000002  RWIX
  INT18                 0000ffa4   00000002  00000000  00000002  RWIX
  INT19                 0000ffa6   00000002  00000000  00000002  RWIX
  INT20                 0000ffa8   00000002  00000000  00000002  RWIX
  INT21                 0000ffaa   00000002  00000000  00000002  RWIX
  INT22                 0000ffac   00000002  00000000  00000002  RWIX
  INT23                 0000ffae   00000002  00000000  00000002  RWIX
  INT24                 0000ffb0   00000002  00000000  00000002  RWIX
  INT25                 0000ffb2   00000002  00000000  00000002  RWIX
  INT26                 0000ffb4   00000002  00000000  00000002  RWIX
  INT27                 0000ffb6   00000002  00000000  00000002  RWIX
  INT28                 0000ffb8   00000002  00000000  00000002  RWIX
  INT29                 0000ffba   00000002  00000000  00000002  RWIX
  INT30                 0000ffbc   00000002  00000000  00000002  RWIX
  INT31                 0000ffbe   00000002  00000000  00000002  RWIX
  INT32                 0000ffc0   00000002  00000000  00000002  RWIX
  INT33                 0000ffc2   00000002  00000000  00000002  RWIX
  INT34                 0000ffc4   00000002  00000000  00000002  RWIX
  INT35                 0000ffc6   00000002  00000000  00000002  RWIX
  INT36                 0000ffc8   00000002  00000000  00000002  RWIX
  INT37                 0000ffca   00000002  00000000  00000002  RWIX
  INT38                 0000ffcc   00000002  00000000  00000002  RWIX
  INT39                 0000ffce   00000002  00000000  00000002  RWIX
  INT40                 0000ffd0   00000002  00000000  00000002  RWIX
  INT41                 0000ffd2   00000002  00000002  00000000  RWIX
  INT42                 0000ffd4   00000002  00000002  00000000  RWIX
  INT43                 0000ffd6   00000002  00000002  00000000  RWIX
  INT44                 0000ffd8   00000002  00000002  00000000  RWIX
  INT45                 0000ffda   00000002  00000002  00000000  RWIX
  INT46                 0000ffdc   00000002  00000002  00000000  RWIX
  INT47                 0000ffde   00000002  00000002  00000000  RWIX
  INT48                 0000ffe0   00000002  00000002  00000000  RWIX
  INT49                 0000ffe2   00000002  00000002  00000000  RWIX
  INT50                 0000ffe4   00000002  00000002  00000000  RWIX
  INT51                 0000ffe6   00000002  00000002  00000000  RWIX
  INT52                 0000ffe8   00000002  00000002  00000000  RWIX
  INT53                 0000ffea   00000002  00000002  00000000  RWIX
  INT54                 0000ffec   00000002  00000002  00000000  RWIX
  INT55                 0000ffee   00000002  00000002  00000000  RWIX
  INT56                 0000fff0   00000002  00000002  00000000  RWIX
  INT57                 0000fff2   00000002  00000002  00000000  RWIX
  INT58                 0000fff4   00000002  00000002  00000000  RWIX
  INT59                 0000fff6   00000002  00000002  00000000  RWIX
  INT60                 0000fff8   00000002  00000002  00000000  RWIX
  INT61                 0000fffa   00000002  00000002  00000000  RWIX
  INT62                 0000fffc   00000002  00000002  00000000  RWIX
  RESET                 0000fffe   00000002  00000002  00000000  RWIX
  FLASH2                00010000   00014400  00001fce  00012432  RWIX


SECTION ALLOCATION MAP

 output                                  attributes/
section   page    origin      length       input sections
--------  ----  ----------  ----------   ----------------
.data      0    00002400    00000109     UNINITIALIZED
                  00002400    00000100     main.obj (.data:dataBuffer)
                  00002500    00000008     usb.obj (.data)
                  00002508    00000001     main.obj (.data)

.bss       0    0000250a    0000007f     UNINITIALIZED
                  0000250a    00000022     (.common:abramSerialStringDescriptor)
                  0000252c    0000001a     (.common:CdcReadCtrl)
                  00002546    00000010     usb.obj (.bss)
                  00002556    0000000c     (.common:CdcWriteCtrl)
                  00002562    00000008     UsbCdc.obj (.bss:CdcControl)
                  0000256a    00000008     (.common:abUsbRequestIncomingData)
                  00002572    00000008     (.common:abUsbRequestReturnData)
                  0000257a    00000004     (.common:USB_RX_memcpy)
                  0000257e    00000004     (.common:USB_TX_memcpy)
                  00002582    00000002     (.common:wBytesRemainingOnIEP0)
                  00002584    00000002     (.common:wBytesRemainingOnOEP0)
                  00002586    00000002     (.common:wUsbEventMask)
                  00002588    00000001     (.common:bStatusAction)

.stack     0    00004360    000000a0     UNINITIALIZED
                  00004360    00000004     rts430x_lc_rd_eabi.lib : boot.c.obj (.stack)
                  00004364    0000009c     --HOLE--

.text:_isr 
*          0    00004400    0000018c     
                  00004400    0000012a     UsbIsr.obj (.text:_isr:iUsbInterruptHandler)
                  0000452a    0000003e     main.obj (.text:_isr:UNMI_ISR)
                  00004568    0000001c     rts430x_lc_rd_eabi.lib : boot.c.obj (.text:_isr:_c_int00_noargs)
                  00004584    00000008                            : isr_trap.asm.obj (.text:_isr:__TI_ISR_TRAP)

.cinit     0    000047d2    00000030     
                  000047d2    0000000d     (.cinit..data.load) [load image, compression = lzss]
                  000047df    00000001     --HOLE-- [fill = 0]
                  000047e0    0000000c     (__TI_handler_table)
                  000047ec    00000006     (.cinit..bss.load) [load image, compression = zero_init]
                  000047f2    00000010     (__TI_cinit_table)

.binit     0    00004400    00000000     

.init_array 
*          0    00004400    00000000     UNINITIALIZED

.const     0    0000458c    00000246     
                  0000458c    0000010a     descriptors.obj (.const:tUsbRequestList)
                  00004696    0000008e     descriptors.obj (.const:.string:abromStringDescriptor)
                  00004724    00000043     descriptors.obj (.const:abromConfigurationDescriptorGroup)
                  00004767    00000001     --HOLE-- [fill = 0]
                  00004768    00000022     usb.obj (.const:.string)
                  0000478a    0000001c     gpio.obj (.const:GPIO_PORT_TO_BASE)
                  000047a6    00000012     descriptors.obj (.const:.string:abromDeviceDescriptor)
                  000047b8    00000010     descriptors.obj (.const:stUsbHandle)
                  000047c8    0000000a     usbdma.obj (.const:$P$T0$1)

RTC        0    0000ffd2    00000002     
                  0000ffd2    00000002     rts430x_lc_rd_eabi.lib : int41.asm.obj (.int41)

PORT2      0    0000ffd4    00000002     
                  0000ffd4    00000002     rts430x_lc_rd_eabi.lib : int42.asm.obj (.int42)

TIMER2_A1 
*          0    0000ffd6    00000002     
                  0000ffd6    00000002     rts430x_lc_rd_eabi.lib : int43.asm.obj (.int43)

TIMER2_A0 
*          0    0000ffd8    00000002     
                  0000ffd8    00000002     rts430x_lc_rd_eabi.lib : int44.asm.obj (.int44)

USCI_B1    0    0000ffda    00000002     
                  0000ffda    00000002     rts430x_lc_rd_eabi.lib : int45.asm.obj (.int45)

USCI_A1    0    0000ffdc    00000002     
                  0000ffdc    00000002     rts430x_lc_rd_eabi.lib : int46.asm.obj (.int46)

PORT1      0    0000ffde    00000002     
                  0000ffde    00000002     rts430x_lc_rd_eabi.lib : int47.asm.obj (.int47)

TIMER1_A1 
*          0    0000ffe0    00000002     
                  0000ffe0    00000002     rts430x_lc_rd_eabi.lib : int48.asm.obj (.int48)

TIMER1_A0 
*          0    0000ffe2    00000002     
                  0000ffe2    00000002     rts430x_lc_rd_eabi.lib : int49.asm.obj (.int49)

DMA        0    0000ffe4    00000002     
                  0000ffe4    00000002     rts430x_lc_rd_eabi.lib : int50.asm.obj (.int50)

USB_UBM    0    0000ffe6    00000002     
                  0000ffe6    00000002     UsbIsr.obj (.int51)

TIMER0_A1 
*          0    0000ffe8    00000002     
                  0000ffe8    00000002     rts430x_lc_rd_eabi.lib : int52.asm.obj (.int52)

TIMER0_A0 
*          0    0000ffea    00000002     
                  0000ffea    00000002     rts430x_lc_rd_eabi.lib : int53.asm.obj (.int53)

ADC12      0    0000ffec    00000002     
                  0000ffec    00000002     rts430x_lc_rd_eabi.lib : int54.asm.obj (.int54)

USCI_B0    0    0000ffee    00000002     
                  0000ffee    00000002     rts430x_lc_rd_eabi.lib : int55.asm.obj (.int55)

USCI_A0    0    0000fff0    00000002     
                  0000fff0    00000002     rts430x_lc_rd_eabi.lib : int56.asm.obj (.int56)

WDT        0    0000fff2    00000002     
                  0000fff2    00000002     rts430x_lc_rd_eabi.lib : int57.asm.obj (.int57)

TIMER0_B1 
*          0    0000fff4    00000002     
                  0000fff4    00000002     rts430x_lc_rd_eabi.lib : int58.asm.obj (.int58)

TIMER0_B0 
*          0    0000fff6    00000002     
                  0000fff6    00000002     rts430x_lc_rd_eabi.lib : int59.asm.obj (.int59)

COMP_B     0    0000fff8    00000002     
                  0000fff8    00000002     rts430x_lc_rd_eabi.lib : int60.asm.obj (.int60)

UNMI       0    0000fffa    00000002     
                  0000fffa    00000002     main.obj (.int61)

SYSNMI     0    0000fffc    00000002     
                  0000fffc    00000002     rts430x_lc_rd_eabi.lib : int62.asm.obj (.int62)

.reset     0    0000fffe    00000002     
                  0000fffe    00000002     rts430x_lc_rd_eabi.lib : boot.c.obj (.reset)

.text      0    00010000    00001fce     
                  00010000    000001c8     UsbCdc.obj (.text:USBCDC_receiveData)
                  000101c8    00000160     UsbCdc.obj (.text:CdcToHostFromBuffer)
                  00010328    0000013e     usb.obj (.text:USB_reset)
                  00010466    0000011a     UsbCdc.obj (.text:CdcToBufferFromHost)
                  00010580    000000fa     usb.obj (.text:USB_enable)
                  0001067a    000000e2     ucs.obj (.text:UCS_initFLL)
                  0001075c    000000cc     pmm.obj (.text:PMM_setVCoreUp)
                  00010828    000000c6     UsbCdc.obj (.text:USBCDC_getInterfaceStatus)
                  000108ee    000000c6     usb.obj (.text:USB_InitSerialStringDescriptor)
                  000109b4    000000bc     usb.obj (.text:USB_determineFreq)
                  00010a70    000000a4     usb.obj (.text:USB_determineXT2Freq)
                  00010b14    000000a0     main.obj (.text:main)
                  00010bb4    00000098     hal.obj (.text:USBHAL_initPorts)
                  00010c4c    00000098     usb.obj (.text:USB_init)
                  00010ce4    00000096     usb.obj (.text:USB_getConnectionState)
                  00010d7a    00000094     pmm.obj (.text:PMM_setVCoreDown)
                  00010e0e    00000090     UsbCdc.obj (.text:USBCDC_getBytesInUSBBuffer)
                  00010e9e    0000008c     ucs.obj (.text:UCS_initClockSignal)
                  00010f2a    00000088     usb.obj (.text:usbDecodeAndProcessUsbRequest)
                  00010fb2    0000007a     UsbCdc.obj (.text:USBCDC_sendData)
                  0001102c    00000076     UsbCdc.obj (.text:CopyUsbToBuff)
                  000110a2    00000076     rts430x_lc_rd_eabi.lib : copy_decompress_lzss.c.obj (.text:decompress:lzss:__TI_decompress_lzss)
                  00011118    00000074     usb.obj (.text:usbSendNextPacketOnIEP0)
                  0001118c    0000006e     UsbIsr.obj (.text:PWRVBUSoffHandler)
                  000111fa    0000006e     usbConstructs.obj (.text:USBCDC_sendDataInBackground)
                  00011268    0000006c     UsbCdc.obj (.text:usbGetLineCoding)
                  000112d4    0000006a     usb.obj (.text:usbGetEndpointStatus)
                  0001133e    00000068     UsbCdc.obj (.text:Handler_SetLineCoding)
                  000113a6    00000064     usbdma.obj (.text:memcpyDMA)
                  0001140a    00000062     dma.obj (.text:DMA_init)
                  0001146c    00000062     UsbIsr.obj (.text:PWRVBUSonHandler)
                  000114ce    0000005e     usb.obj (.text:usbClearEndpointFeature)
                  0001152c    0000005c     usbdma.obj (.text:USB_initMemcpy)
                  00011588    00000058     rts430x_lc_rd_eabi.lib : div32u.asm.obj (.text)
                  000115e0    00000054                            : autoinit.c.obj (.text:__TI_auto_init_nobinit_nopinit_hold_wdt:__TI_auto_init_nobinit_nopinit_hold_wdt)
                  00011634    00000052     usb.obj (.text:usbSetEndpointFeature)
                  00011686    00000050     usb.obj (.text:usbGetStringDescriptor)
                  000116d6    0000004c     tlv.obj (.text:TLV_getInfo)
                  00011722    0000004c     usbConstructs.obj (.text:USBCDC_receiveDataInBuffer)
                  0001176e    0000004c     usb.obj (.text:usbReceiveNextPacketOnOEP0)
                  000117ba    0000004a     pmm.obj (.text:PMM_setVCore)
                  00011804    0000004a     UsbIsr.obj (.text:SetupPacketInterruptHandler)
                  0001184e    0000004a     usb.obj (.text:USB_setup)
                  00011898    00000040     ucs.obj (.text:UCS_turnOnXT2WithTimeout)
                  000118d8    0000003e     hal.obj (.text:USBHAL_initClocks)
                  00011916    0000003e     rts430x_lc_rd_eabi.lib : lsl32.asm.obj (.text:l_lsl_const)
                  00011954    0000003e                            : lsr32.asm.obj (.text:l_lsr_const)
                  00011992    00000038     UsbIsr.obj (.text:OEP0InterruptHandler)
                  000119ca    00000038     usb.obj (.text:USB_lookUpPll)
                  00011a02    00000034     usb.obj (.text:usbSetAddress)
                  00011a36    00000032     ucs.obj (.text:UCS_initFLLSettle)
                  00011a68    00000032     usb.obj (.text:USB_getConnectionInformation)
                  00011a9a    00000030     usb.obj (.text:USB_suspend)
                  00011aca    00000030     usb.obj (.text:usbSetConfiguration)
                  00011afa    0000002e     UsbCdc.obj (.text:CdcResetData)
                  00011b28    0000002c     usb.obj (.text:usbGetDeviceStatus)
                  00011b54    00000028     dma.obj (.text:DMA_setDstAddress)
                  00011b7c    00000028     gpio.obj (.text:GPIO_setAsOutputPin)
                  00011ba4    00000028     gpio.obj (.text:GPIO_setAsPeripheralModuleFunctionOutputPin)
                  00011bcc    00000026     dma.obj (.text:DMA_setSrcAddress)
                  00011bf2    00000024     rts430x_lc_rd_eabi.lib : copy_zero_init.c.obj (.text:decompress:ZI:__TI_zero_init_nomemset:__TI_zero_init_nomemset)
                  00011c16    00000024     usb.obj (.text:usbClearDeviceFeature)
                  00011c3a    00000024     usb.obj (.text:usbSetDeviceFeature)
                  00011c5e    00000022     usb.obj (.text:USB_disable)
                  00011c80    00000020     usb.obj (.text:usbSendDataPacketOnEP0)
                  00011ca0    0000001e     usb.obj (.text:usbGetInterface)
                  00011cbe    0000001e     usb.obj (.text:usbGetInterfaceStatus)
                  00011cdc    0000001c     gpio.obj (.text:GPIO_setOutputLowOnPin)
                  00011cf8    0000001c     UsbIsr.obj (.text:IEP0InterruptHandler)
                  00011d14    0000001c     usbdma.obj (.text:memcpyV)
                  00011d30    0000001c     usb.obj (.text:usbDisableInEndpointInterrupt)
                  00011d4c    0000001c     usb.obj (.text:usbDisableOutEndpointInterrupt)
                  00011d68    0000001a     UsbCdc.obj (.text:CdcIsReceiveInProgress)
                  00011d82    0000001a     usb.obj (.text:USB_connect)
                  00011d9c    0000001a     wdt_a.obj (.text:WDT_A_hold)
                  00011db6    0000001a     usb.obj (.text:usbSetInterface)
                  00011dd0    00000018     usb.obj (.text:USB_resume)
                  00011de8    00000018     rts430x_lc_rd_eabi.lib : mult16_f5hw.asm.obj (.text)
                  00011e00    00000016                            : memset.c.obj (.text:memset)
                  00011e16    00000016                            : div16u.asm.obj (.text)
                  00011e2c    00000016     usb.obj (.text:usbGetConfigurationDescriptor)
                  00011e42    00000016     usb.obj (.text:usbGetDeviceDescriptor)
                  00011e58    00000014     usbEventHandling.obj (.text:USB_handleVbusOnEvent)
                  00011e6c    00000014     rts430x_lc_rd_eabi.lib : memcpy.c.obj (.text:memcpy)
                  00011e80    00000014     usb.obj (.text:usbGetConfiguration)
                  00011e94    00000014     usb.obj (.text:usbReceiveDataPacketOnEP0)
                  00011ea8    00000014     UsbCdc.obj (.text:usbSetControlLineState)
                  00011ebc    00000012     rts430x_lc_rd_eabi.lib : copy_decompress_none.c.obj (.text:decompress:none:__TI_decompress_none)
                  00011ece    00000012     usb.obj (.text:usbInvalidRequest)
                  00011ee0    00000010     dma.obj (.text:DMA_disableTransfers)
                  00011ef0    00000010     dma.obj (.text:DMA_enableTransfers)
                  00011f00    0000000e     dma.obj (.text:DMA_getInterruptStatus)
                  00011f0e    0000000e     dma.obj (.text:DMA_startTransfer)
                  00011f1c    0000000e     usb.obj (.text:usbSendZeroLengthPacketOnIEP0)
                  00011f2a    0000000c     dma.obj (.text:DMA_setTransferSize)
                  00011f36    0000000c     UsbCdc.obj (.text:usbSetLineCoding)
                  00011f42    0000000a     system_pre_init.obj (.text:_system_pre_init)
                  00011f4c    0000000a     rts430x_lc_rd_eabi.lib : lsl16.asm.obj (.text)
                  00011f56    0000000a                            : lsr16.asm.obj (.text)
                  00011f60    00000008     ucs.obj (.text:UCS_turnOffXT2)
                  00011f68    00000008     usbEventHandling.obj (.text:USBCDC_handleDataReceived)
                  00011f70    00000008     usbEventHandling.obj (.text:USB_handleVbusOffEvent)
                  00011f78    00000006     dma.obj (.text:DMA_disableTransferDuringReadModifyWrite)
                  00011f7e    00000006     dma.obj (.text:DMA_enableTransferDuringReadModifyWrite)
                  00011f84    00000006     sfr.obj (.text:SFR_clearInterrupt)
                  00011f8a    00000006     ucs.obj (.text:UCS_clearFaultFlag)
                  00011f90    00000006     usb.obj (.text:USB_getVersion)
                  00011f96    00000006     rts430x_lc_rd_eabi.lib : exit.c.obj (.text:abort)
                  00011f9c    00000006     usb.obj (.text:usbRestoreInEndpointInterrupt)
                  00011fa2    00000006     usb.obj (.text:usbRestoreOutEndpointInterrupt)
                  00011fa8    00000004     usbEventHandling.obj (.text:USBCDC_handleReceiveCompleted)
                  00011fac    00000004     usbEventHandling.obj (.text:USBCDC_handleSendCompleted)
                  00011fb0    00000004     usbEventHandling.obj (.text:USBCDC_handleSetControlLineState)
                  00011fb4    00000004     usbEventHandling.obj (.text:USBCDC_handleSetLineCoding)
                  00011fb8    00000004     usbEventHandling.obj (.text:USB_handleClockEvent)
                  00011fbc    00000004     usbEventHandling.obj (.text:USB_handleEnumerationCompleteEvent)
                  00011fc0    00000004     usbEventHandling.obj (.text:USB_handleResetEvent)
                  00011fc4    00000004     usbEventHandling.obj (.text:USB_handleResumeEvent)
                  00011fc8    00000004     usbEventHandling.obj (.text:USB_handleSuspendEvent)
                  00011fcc    00000002     rts430x_lc_rd_eabi.lib : startup.c.obj (.text:_system_post_cinit)

MODULE SUMMARY

       Module                       code   ro data   rw data
       ------                       ----   -------   -------
    .\
       main.obj                     222    2         295    
       hal.obj                      214    0         0      
       system_pre_init.obj          10     0         0      
    +--+----------------------------+------+---------+---------+
       Total:                       446    2         295    
                                                            
    .\USB_API\USB_CDC_API\
       UsbCdc.obj                   1988   0         8      
    +--+----------------------------+------+---------+---------+
       Total:                       1988   0         8      
                                                            
    .\USB_API\USB_Common\
       usb.obj                      2946   34        81     
       usbdma.obj                   220    10        8      
    +--+----------------------------+------+---------+---------+
       Total:                       3166   44        89     
                                                            
    .\USB_app\
       usbConstructs.obj            186    0         0      
       usbEventHandling.obj         72     0         0      
    +--+----------------------------+------+---------+---------+
       Total:                       258    0         0      
                                                            
    .\USB_config\
       UsbIsr.obj                   664    2         0      
       descriptors.obj              0      509       0      
    +--+----------------------------+------+---------+---------+
       Total:                       664    511       0      
                                                            
    .\driverlib\MSP430F5xx_6xx\
       ucs.obj                      494    0         0      
       pmm.obj                      426    0         0      
       dma.obj                      260    0         0      
       gpio.obj                     108    28        0      
       tlv.obj                      76     0         0      
       wdt_a.obj                    26     0         0      
       sfr.obj                      6      0         0      
    +--+----------------------------+------+---------+---------+
       Total:                       1396   28        0      
                                                            
    C:\ti\ccsv8\tools\compiler\ti-cgt-msp430_18.1.4.LTS\lib\rts430x_lc_rd_eabi.lib
       copy_decompress_lzss.c.obj   118    0         0      
       div32u.asm.obj               88     0         0      
       autoinit.c.obj               84     0         0      
       lsl32.asm.obj                62     0         0      
       lsr32.asm.obj                62     0         0      
       copy_zero_init.c.obj         36     0         0      
       boot.c.obj                   28     2         0      
       mult16_f5hw.asm.obj          24     0         0      
       div16u.asm.obj               22     0         0      
       memset.c.obj                 22     0         0      
       memcpy.c.obj                 20     0         0      
       copy_decompress_none.c.obj   18     0         0      
       lsl16.asm.obj                10     0         0      
       lsr16.asm.obj                10     0         0      
       isr_trap.asm.obj             8      0         0      
       exit.c.obj                   6      0         0      
       int41.asm.obj                0      2         0      
       int42.asm.obj                0      2         0      
       int43.asm.obj                0      2         0      
       int44.asm.obj                0      2         0      
       int45.asm.obj                0      2         0      
       int46.asm.obj                0      2         0      
       int47.asm.obj                0      2         0      
       int48.asm.obj                0      2         0      
       int49.asm.obj                0      2         0      
       int50.asm.obj                0      2         0      
       int52.asm.obj                0      2         0      
       int53.asm.obj                0      2         0      
       int54.asm.obj                0      2         0      
       int55.asm.obj                0      2         0      
       int56.asm.obj                0      2         0      
       int57.asm.obj                0      2         0      
       int58.asm.obj                0      2         0      
       int59.asm.obj                0      2         0      
       int60.asm.obj                0      2         0      
       int62.asm.obj                0      2         0      
       startup.c.obj                2      0         0      
    +--+----------------------------+------+---------+---------+
       Total:                       620    42        0      
                                                            
       Stack:                       0      0         160    
       Linker Generated:            0      47        0      
    +--+----------------------------+------+---------+---------+
       Grand Total:                 8538   674       552    


LINKER GENERATED COPY TABLES

__TI_cinit_table @ 000047f2 records: 2, size/record: 8, table size: 16
	.data: load addr=000047d2, load size=0000000d bytes, run addr=00002400, run size=00000109 bytes, compression=lzss
	.bss: load addr=000047ec, load size=00000006 bytes, run addr=0000250a, run size=0000007f bytes, compression=zero_init


LINKER GENERATED HANDLER TABLE

__TI_handler_table @ 000047e0 records: 3, size/record: 4, table size: 12
	index: 0, handler: __TI_zero_init
	index: 1, handler: __TI_decompress_lzss
	index: 2, handler: __TI_decompress_none


GLOBAL SYMBOLS: SORTED ALPHABETICALLY BY Name 

address   name                                       
-------   ----                                       
00000700  ADC12CTL0                                  
00000701  ADC12CTL0_H                                
00000700  ADC12CTL0_L                                
00000702  ADC12CTL1                                  
00000703  ADC12CTL1_H                                
00000702  ADC12CTL1_L                                
00000704  ADC12CTL2                                  
00000705  ADC12CTL2_H                                
00000704  ADC12CTL2_L                                
0000070c  ADC12IE                                    
0000070d  ADC12IE_H                                  
0000070c  ADC12IE_L                                  
0000070a  ADC12IFG                                   
0000070b  ADC12IFG_H                                 
0000070a  ADC12IFG_L                                 
0000070e  ADC12IV                                    
0000070f  ADC12IV_H                                  
0000070e  ADC12IV_L                                  
00000710  ADC12MCTL0                                 
00000711  ADC12MCTL1                                 
0000071a  ADC12MCTL10                                
0000071b  ADC12MCTL11                                
0000071c  ADC12MCTL12                                
0000071d  ADC12MCTL13                                
0000071e  ADC12MCTL14                                
0000071f  ADC12MCTL15                                
00000712  ADC12MCTL2                                 
00000713  ADC12MCTL3                                 
00000714  ADC12MCTL4                                 
00000715  ADC12MCTL5                                 
00000716  ADC12MCTL6                                 
00000717  ADC12MCTL7                                 
00000718  ADC12MCTL8                                 
00000719  ADC12MCTL9                                 
00000720  ADC12MEM0                                  
00000721  ADC12MEM0_H                                
00000720  ADC12MEM0_L                                
00000722  ADC12MEM1                                  
00000734  ADC12MEM10                                 
00000735  ADC12MEM10_H                               
00000734  ADC12MEM10_L                               
00000736  ADC12MEM11                                 
00000737  ADC12MEM11_H                               
00000736  ADC12MEM11_L                               
00000738  ADC12MEM12                                 
00000739  ADC12MEM12_H                               
00000738  ADC12MEM12_L                               
0000073a  ADC12MEM13                                 
0000073b  ADC12MEM13_H                               
0000073a  ADC12MEM13_L                               
0000073c  ADC12MEM14                                 
0000073d  ADC12MEM14_H                               
0000073c  ADC12MEM14_L                               
0000073e  ADC12MEM15                                 
0000073f  ADC12MEM15_H                               
0000073e  ADC12MEM15_L                               
00000723  ADC12MEM1_H                                
00000722  ADC12MEM1_L                                
00000724  ADC12MEM2                                  
00000725  ADC12MEM2_H                                
00000724  ADC12MEM2_L                                
00000726  ADC12MEM3                                  
00000727  ADC12MEM3_H                                
00000726  ADC12MEM3_L                                
00000728  ADC12MEM4                                  
00000729  ADC12MEM4_H                                
00000728  ADC12MEM4_L                                
0000072a  ADC12MEM5                                  
0000072b  ADC12MEM5_H                                
0000072a  ADC12MEM5_L                                
0000072c  ADC12MEM6                                  
0000072d  ADC12MEM6_H                                
0000072c  ADC12MEM6_L                                
0000072e  ADC12MEM7                                  
0000072f  ADC12MEM7_H                                
0000072e  ADC12MEM7_L                                
00000730  ADC12MEM8                                  
00000731  ADC12MEM8_H                                
00000730  ADC12MEM8_L                                
00000732  ADC12MEM9                                  
00000733  ADC12MEM9_H                                
00000732  ADC12MEM9_L                                
00011f96  C$$EXIT                                    
000008c0  CBCTL0                                     
000008c1  CBCTL0_H                                   
000008c0  CBCTL0_L                                   
000008c2  CBCTL1                                     
000008c3  CBCTL1_H                                   
000008c2  CBCTL1_L                                   
000008c4  CBCTL2                                     
000008c5  CBCTL2_H                                   
000008c4  CBCTL2_L                                   
000008c6  CBCTL3                                     
000008c7  CBCTL3_H                                   
000008c6  CBCTL3_L                                   
000008cc  CBINT                                      
000008cd  CBINT_H                                    
000008cc  CBINT_L                                    
000008ce  CBIV                                       
00000150  CRCDI                                      
00000152  CRCDIRB                                    
00000153  CRCDIRB_H                                  
00000152  CRCDIRB_L                                  
00000151  CRCDI_H                                    
00000150  CRCDI_L                                    
00000154  CRCINIRES                                  
00000155  CRCINIRES_H                                
00000154  CRCINIRES_L                                
00000156  CRCRESR                                    
00000157  CRCRESR_H                                  
00000156  CRCRESR_L                                  
00011d68  CdcIsReceiveInProgress                     
0000252c  CdcReadCtrl                                
00011afa  CdcResetData                               
00010466  CdcToBufferFromHost                        
000101c8  CdcToHostFromBuffer                        
00002556  CdcWriteCtrl                               
0001102c  CopyUsbToBuff                              
00000510  DMA0CTL                                    
00000511  DMA0CTL_H                                  
00000510  DMA0CTL_L                                  
00000516  DMA0DA                                     
00000518  DMA0DAH                                    
00000516  DMA0DAL                                    
00000512  DMA0SA                                     
00000514  DMA0SAH                                    
00000512  DMA0SAL                                    
0000051a  DMA0SZ                                     
00000520  DMA1CTL                                    
00000521  DMA1CTL_H                                  
00000520  DMA1CTL_L                                  
00000526  DMA1DA                                     
00000528  DMA1DAH                                    
00000526  DMA1DAL                                    
00000522  DMA1SA                                     
00000524  DMA1SAH                                    
00000522  DMA1SAL                                    
0000052a  DMA1SZ                                     
00000530  DMA2CTL                                    
00000531  DMA2CTL_H                                  
00000530  DMA2CTL_L                                  
00000536  DMA2DA                                     
00000538  DMA2DAH                                    
00000536  DMA2DAL                                    
00000532  DMA2SA                                     
00000534  DMA2SAH                                    
00000532  DMA2SAL                                    
0000053a  DMA2SZ                                     
00000500  DMACTL0                                    
00000501  DMACTL0_H                                  
00000500  DMACTL0_L                                  
00000502  DMACTL1                                    
00000503  DMACTL1_H                                  
00000502  DMACTL1_L                                  
00000504  DMACTL2                                    
00000505  DMACTL2_H                                  
00000504  DMACTL2_L                                  
00000506  DMACTL3                                    
00000507  DMACTL3_H                                  
00000506  DMACTL3_L                                  
00000508  DMACTL4                                    
00000509  DMACTL4_H                                  
00000508  DMACTL4_L                                  
0000050e  DMAIV                                      
0000050f  DMAIV_H                                    
0000050e  DMAIV_L                                    
00011f78  DMA_disableTransferDuringReadModifyWrite   
00011ee0  DMA_disableTransfers                       
00011f7e  DMA_enableTransferDuringReadModifyWrite    
00011ef0  DMA_enableTransfers                        
00011f00  DMA_getInterruptStatus                     
0001140a  DMA_init                                   
00011b54  DMA_setDstAddress                          
00011bcc  DMA_setSrcAddress                          
00011f2a  DMA_setTransferSize                        
00011f0e  DMA_startTransfer                          
00000140  FCTL1                                      
00000141  FCTL1_H                                    
00000140  FCTL1_L                                    
00000144  FCTL3                                      
00000145  FCTL3_H                                    
00000144  FCTL3_L                                    
00000146  FCTL4                                      
00000147  FCTL4_H                                    
00000146  FCTL4_L                                    
00011b7c  GPIO_setAsOutputPin                        
00011ba4  GPIO_setAsPeripheralModuleFunctionOutputPin
00011cdc  GPIO_setOutputLowOnPin                     
0001133e  Handler_SetLineCoding                      
00011cf8  IEP0InterruptHandler                       
000004c4  MAC                                        
000004da  MAC32H                                     
000004db  MAC32H_H                                   
000004da  MAC32H_L                                   
000004d8  MAC32L                                     
000004d9  MAC32L_H                                   
000004d8  MAC32L_L                                   
000004c6  MACS                                       
000004de  MACS32H                                    
000004df  MACS32H_H                                  
000004de  MACS32H_L                                  
000004dc  MACS32L                                    
000004dd  MACS32L_H                                  
000004dc  MACS32L_L                                  
000004c7  MACS_H                                     
000004c6  MACS_L                                     
000004c5  MAC_H                                      
000004c4  MAC_L                                      
000004c0  MPY                                        
000004ec  MPY32CTL0                                  
000004ed  MPY32CTL0_H                                
000004ec  MPY32CTL0_L                                
000004d2  MPY32H                                     
000004d3  MPY32H_H                                   
000004d2  MPY32H_L                                   
000004d0  MPY32L                                     
000004d1  MPY32L_H                                   
000004d0  MPY32L_L                                   
000004c2  MPYS                                       
000004d6  MPYS32H                                    
000004d7  MPYS32H_H                                  
000004d6  MPYS32H_L                                  
000004d4  MPYS32L                                    
000004d5  MPYS32L_H                                  
000004d4  MPYS32L_L                                  
000004c3  MPYS_H                                     
000004c2  MPYS_L                                     
000004c1  MPY_H                                      
000004c0  MPY_L                                      
00011992  OEP0InterruptHandler                       
000004c8  OP2                                        
000004e2  OP2H                                       
000004e3  OP2H_H                                     
000004e2  OP2H_L                                     
000004e0  OP2L                                       
000004e1  OP2L_H                                     
000004e0  OP2L_L                                     
000004c9  OP2_H                                      
000004c8  OP2_L                                      
0000020e  P1IV                                       
0000021e  P2IV                                       
000001e0  P4MAP01                                    
000001e1  P4MAP01_H                                  
000001e0  P4MAP01_L                                  
000001e2  P4MAP23                                    
000001e3  P4MAP23_H                                  
000001e2  P4MAP23_L                                  
000001e4  P4MAP45                                    
000001e5  P4MAP45_H                                  
000001e4  P4MAP45_L                                  
000001e6  P4MAP67                                    
000001e7  P4MAP67_H                                  
000001e6  P4MAP67_L                                  
00000204  PADIR                                      
00000205  PADIR_H                                    
00000204  PADIR_L                                    
00000208  PADS                                       
00000209  PADS_H                                     
00000208  PADS_L                                     
0000021a  PAIE                                       
00000218  PAIES                                      
00000219  PAIES_H                                    
00000218  PAIES_L                                    
0000021b  PAIE_H                                     
0000021a  PAIE_L                                     
0000021c  PAIFG                                      
0000021d  PAIFG_H                                    
0000021c  PAIFG_L                                    
00000200  PAIN                                       
00000201  PAIN_H                                     
00000200  PAIN_L                                     
00000202  PAOUT                                      
00000203  PAOUT_H                                    
00000202  PAOUT_L                                    
00000206  PAREN                                      
00000207  PAREN_H                                    
00000206  PAREN_L                                    
0000020a  PASEL                                      
0000020b  PASEL_H                                    
0000020a  PASEL_L                                    
00000224  PBDIR                                      
00000225  PBDIR_H                                    
00000224  PBDIR_L                                    
00000228  PBDS                                       
00000229  PBDS_H                                     
00000228  PBDS_L                                     
00000220  PBIN                                       
00000221  PBIN_H                                     
00000220  PBIN_L                                     
00000222  PBOUT                                      
00000223  PBOUT_H                                    
00000222  PBOUT_L                                    
00000226  PBREN                                      
00000227  PBREN_H                                    
00000226  PBREN_L                                    
0000022a  PBSEL                                      
0000022b  PBSEL_H                                    
0000022a  PBSEL_L                                    
00000244  PCDIR                                      
00000245  PCDIR_H                                    
00000244  PCDIR_L                                    
00000248  PCDS                                       
00000249  PCDS_H                                     
00000248  PCDS_L                                     
00000240  PCIN                                       
00000241  PCIN_H                                     
00000240  PCIN_L                                     
00000242  PCOUT                                      
00000243  PCOUT_H                                    
00000242  PCOUT_L                                    
00000246  PCREN                                      
00000247  PCREN_H                                    
00000246  PCREN_L                                    
0000024a  PCSEL                                      
0000024b  PCSEL_H                                    
0000024a  PCSEL_L                                    
00000264  PDDIR                                      
00000265  PDDIR_H                                    
00000264  PDDIR_L                                    
00000268  PDDS                                       
00000269  PDDS_H                                     
00000268  PDDS_L                                     
00000260  PDIN                                       
00000261  PDIN_H                                     
00000260  PDIN_L                                     
00000262  PDOUT                                      
00000263  PDOUT_H                                    
00000262  PDOUT_L                                    
00000266  PDREN                                      
00000267  PDREN_H                                    
00000266  PDREN_L                                    
0000026a  PDSEL                                      
0000026b  PDSEL_H                                    
0000026a  PDSEL_L                                    
00000324  PJDIR                                      
00000325  PJDIR_H                                    
00000324  PJDIR_L                                    
00000328  PJDS                                       
00000329  PJDS_H                                     
00000328  PJDS_L                                     
00000320  PJIN                                       
00000321  PJIN_H                                     
00000320  PJIN_L                                     
00000322  PJOUT                                      
00000323  PJOUT_H                                    
00000322  PJOUT_L                                    
00000326  PJREN                                      
00000327  PJREN_H                                    
00000326  PJREN_L                                    
00000130  PM5CTL0                                    
00000131  PM5CTL0_H                                  
00000130  PM5CTL0_L                                  
000001c2  PMAPCTL                                    
000001c3  PMAPCTL_H                                  
000001c2  PMAPCTL_L                                  
000001c0  PMAPKEYID                                  
000001c1  PMAPKEYID_H                                
000001c0  PMAPKEYID_L                                
00000120  PMMCTL0                                    
00000121  PMMCTL0_H                                  
00000120  PMMCTL0_L                                  
00000122  PMMCTL1                                    
00000123  PMMCTL1_H                                  
00000122  PMMCTL1_L                                  
0000012c  PMMIFG                                     
0000012d  PMMIFG_H                                   
0000012c  PMMIFG_L                                   
0000012e  PMMRIE                                     
0000012f  PMMRIE_H                                   
0000012e  PMMRIE_L                                   
000117ba  PMM_setVCore                               
00010d7a  PMM_setVCoreDown                           
0001075c  PMM_setVCoreUp                             
0001118c  PWRVBUSoffHandler                          
0001146c  PWRVBUSonHandler                           
00000158  RCCTL0                                     
00000159  RCCTL0_H                                   
00000158  RCCTL0_L                                   
000001b0  REFCTL0                                    
000001b1  REFCTL0_H                                  
000001b0  REFCTL0_L                                  
000004e4  RES0                                       
000004e5  RES0_H                                     
000004e4  RES0_L                                     
000004e6  RES1                                       
000004e7  RES1_H                                     
000004e6  RES1_L                                     
000004e8  RES2                                       
000004e9  RES2_H                                     
000004e8  RES2_L                                     
000004ea  RES3                                       
000004eb  RES3_H                                     
000004ea  RES3_L                                     
000004cc  RESHI                                      
000004cd  RESHI_H                                    
000004cc  RESHI_L                                    
000004ca  RESLO                                      
000004cb  RESLO_H                                    
000004ca  RESLO_L                                    
000004ba  RTCADOWDAY                                 
000004bb  RTCADOWDAY_H                               
000004ba  RTCADOWDAY_L                               
000004b8  RTCAMINHR                                  
000004b9  RTCAMINHR_H                                
000004b8  RTCAMINHR_L                                
000004a0  RTCCTL01                                   
000004a1  RTCCTL01_H                                 
000004a0  RTCCTL01_L                                 
000004a2  RTCCTL23                                   
000004a3  RTCCTL23_H                                 
000004a2  RTCCTL23_L                                 
000004b4  RTCDATE                                    
000004b5  RTCDATE_H                                  
000004b4  RTCDATE_L                                  
000004ae  RTCIV                                      
000004ac  RTCPS                                      
000004a8  RTCPS0CTL                                  
000004a9  RTCPS0CTL_H                                
000004a8  RTCPS0CTL_L                                
000004aa  RTCPS1CTL                                  
000004ab  RTCPS1CTL_H                                
000004aa  RTCPS1CTL_L                                
000004ad  RTCPS_H                                    
000004ac  RTCPS_L                                    
000004b0  RTCTIM0                                    
000004b1  RTCTIM0_H                                  
000004b0  RTCTIM0_L                                  
000004b2  RTCTIM1                                    
000004b3  RTCTIM1_H                                  
000004b2  RTCTIM1_L                                  
000004b6  RTCYEAR                                    
000004b7  RTCYEAR_H                                  
000004b6  RTCYEAR_L                                  
00000100  SFRIE1                                     
00000101  SFRIE1_H                                   
00000100  SFRIE1_L                                   
00000102  SFRIFG1                                    
00000103  SFRIFG1_H                                  
00000102  SFRIFG1_L                                  
00000104  SFRRPCR                                    
00000105  SFRRPCR_H                                  
00000104  SFRRPCR_L                                  
00011f84  SFR_clearInterrupt                         
000004ce  SUMEXT                                     
000004cf  SUMEXT_H                                   
000004ce  SUMEXT_L                                   
00000124  SVSMHCTL                                   
00000125  SVSMHCTL_H                                 
00000124  SVSMHCTL_L                                 
00000128  SVSMIO                                     
00000129  SVSMIO_H                                   
00000128  SVSMIO_L                                   
00000126  SVSMLCTL                                   
00000127  SVSMLCTL_H                                 
00000126  SVSMLCTL_L                                 
00000198  SYSBERRIV                                  
00000199  SYSBERRIV_H                                
00000198  SYSBERRIV_L                                
00000182  SYSBSLC                                    
00000183  SYSBSLC_H                                  
00000182  SYSBSLC_L                                  
00000180  SYSCTL                                     
00000181  SYSCTL_H                                   
00000180  SYSCTL_L                                   
00000186  SYSJMBC                                    
00000187  SYSJMBC_H                                  
00000186  SYSJMBC_L                                  
00000188  SYSJMBI0                                   
00000189  SYSJMBI0_H                                 
00000188  SYSJMBI0_L                                 
0000018a  SYSJMBI1                                   
0000018b  SYSJMBI1_H                                 
0000018a  SYSJMBI1_L                                 
0000018c  SYSJMBO0                                   
0000018d  SYSJMBO0_H                                 
0000018c  SYSJMBO0_L                                 
0000018e  SYSJMBO1                                   
0000018f  SYSJMBO1_H                                 
0000018e  SYSJMBO1_L                                 
0000019e  SYSRSTIV                                   
0000019f  SYSRSTIV_H                                 
0000019e  SYSRSTIV_L                                 
0000019c  SYSSNIV                                    
0000019d  SYSSNIV_H                                  
0000019c  SYSSNIV_L                                  
0000019a  SYSUNIV                                    
0000019b  SYSUNIV_H                                  
0000019a  SYSUNIV_L                                  
00011804  SetupPacketInterruptHandler                
00000352  TA0CCR0                                    
00000354  TA0CCR1                                    
00000356  TA0CCR2                                    
00000358  TA0CCR3                                    
0000035a  TA0CCR4                                    
00000342  TA0CCTL0                                   
00000344  TA0CCTL1                                   
00000346  TA0CCTL2                                   
00000348  TA0CCTL3                                   
0000034a  TA0CCTL4                                   
00000340  TA0CTL                                     
00000360  TA0EX0                                     
0000036e  TA0IV                                      
00000350  TA0R                                       
00000392  TA1CCR0                                    
00000394  TA1CCR1                                    
00000396  TA1CCR2                                    
00000382  TA1CCTL0                                   
00000384  TA1CCTL1                                   
00000386  TA1CCTL2                                   
00000380  TA1CTL                                     
000003a0  TA1EX0                                     
000003ae  TA1IV                                      
00000390  TA1R                                       
00000412  TA2CCR0                                    
00000414  TA2CCR1                                    
00000416  TA2CCR2                                    
00000402  TA2CCTL0                                   
00000404  TA2CCTL1                                   
00000406  TA2CCTL2                                   
00000400  TA2CTL                                     
00000420  TA2EX0                                     
0000042e  TA2IV                                      
00000410  TA2R                                       
000003d2  TB0CCR0                                    
000003d4  TB0CCR1                                    
000003d6  TB0CCR2                                    
000003d8  TB0CCR3                                    
000003da  TB0CCR4                                    
000003dc  TB0CCR5                                    
000003de  TB0CCR6                                    
000003c2  TB0CCTL0                                   
000003c4  TB0CCTL1                                   
000003c6  TB0CCTL2                                   
000003c8  TB0CCTL3                                   
000003ca  TB0CCTL4                                   
000003cc  TB0CCTL5                                   
000003ce  TB0CCTL6                                   
000003c0  TB0CTL                                     
000003e0  TB0EX0                                     
000003ee  TB0IV                                      
000003d0  TB0R                                       
000116d6  TLV_getInfo                                
000005d0  UCA0ABCTL                                  
000005c6  UCA0BRW                                    
000005c7  UCA0BRW_H                                  
000005c6  UCA0BRW_L                                  
000005c0  UCA0CTLW0                                  
000005c1  UCA0CTLW0_H                                
000005c0  UCA0CTLW0_L                                
000005dc  UCA0ICTL                                   
000005dd  UCA0ICTL_H                                 
000005dc  UCA0ICTL_L                                 
000005d2  UCA0IRCTL                                  
000005d3  UCA0IRCTL_H                                
000005d2  UCA0IRCTL_L                                
000005de  UCA0IV                                     
000005c8  UCA0MCTL                                   
000005cc  UCA0RXBUF                                  
000005ca  UCA0STAT                                   
000005ce  UCA0TXBUF                                  
00000610  UCA1ABCTL                                  
00000606  UCA1BRW                                    
00000607  UCA1BRW_H                                  
00000606  UCA1BRW_L                                  
00000600  UCA1CTLW0                                  
00000601  UCA1CTLW0_H                                
00000600  UCA1CTLW0_L                                
0000061c  UCA1ICTL                                   
0000061d  UCA1ICTL_H                                 
0000061c  UCA1ICTL_L                                 
00000612  UCA1IRCTL                                  
00000613  UCA1IRCTL_H                                
00000612  UCA1IRCTL_L                                
0000061e  UCA1IV                                     
00000608  UCA1MCTL                                   
0000060c  UCA1RXBUF                                  
0000060a  UCA1STAT                                   
0000060e  UCA1TXBUF                                  
000005e6  UCB0BRW                                    
000005e7  UCB0BRW_H                                  
000005e6  UCB0BRW_L                                  
000005e0  UCB0CTLW0                                  
000005e1  UCB0CTLW0_H                                
000005e0  UCB0CTLW0_L                                
000005f0  UCB0I2COA                                  
000005f1  UCB0I2COA_H                                
000005f0  UCB0I2COA_L                                
000005f2  UCB0I2CSA                                  
000005f3  UCB0I2CSA_H                                
000005f2  UCB0I2CSA_L                                
000005fc  UCB0ICTL                                   
000005fd  UCB0ICTL_H                                 
000005fc  UCB0ICTL_L                                 
000005fe  UCB0IV                                     
000005ec  UCB0RXBUF                                  
000005ea  UCB0STAT                                   
000005ee  UCB0TXBUF                                  
00000626  UCB1BRW                                    
00000627  UCB1BRW_H                                  
00000626  UCB1BRW_L                                  
00000620  UCB1CTLW0                                  
00000621  UCB1CTLW0_H                                
00000620  UCB1CTLW0_L                                
00000630  UCB1I2COA                                  
00000631  UCB1I2COA_H                                
00000630  UCB1I2COA_L                                
00000632  UCB1I2CSA                                  
00000633  UCB1I2CSA_H                                
00000632  UCB1I2CSA_L                                
0000063c  UCB1ICTL                                   
0000063d  UCB1ICTL_H                                 
0000063c  UCB1ICTL_L                                 
0000063e  UCB1IV                                     
0000062c  UCB1RXBUF                                  
0000062a  UCB1STAT                                   
0000062e  UCB1TXBUF                                  
00000160  UCSCTL0                                    
00000161  UCSCTL0_H                                  
00000160  UCSCTL0_L                                  
00000162  UCSCTL1                                    
00000163  UCSCTL1_H                                  
00000162  UCSCTL1_L                                  
00000164  UCSCTL2                                    
00000165  UCSCTL2_H                                  
00000164  UCSCTL2_L                                  
00000166  UCSCTL3                                    
00000167  UCSCTL3_H                                  
00000166  UCSCTL3_L                                  
00000168  UCSCTL4                                    
00000169  UCSCTL4_H                                  
00000168  UCSCTL4_L                                  
0000016a  UCSCTL5                                    
0000016b  UCSCTL5_H                                  
0000016a  UCSCTL5_L                                  
0000016c  UCSCTL6                                    
0000016d  UCSCTL6_H                                  
0000016c  UCSCTL6_L                                  
0000016e  UCSCTL7                                    
0000016f  UCSCTL7_H                                  
0000016e  UCSCTL7_L                                  
00000170  UCSCTL8                                    
00000171  UCSCTL8_H                                  
00000170  UCSCTL8_L                                  
00011f8a  UCS_clearFaultFlag                         
00010e9e  UCS_initClockSignal                        
0001067a  UCS_initFLL                                
00011a36  UCS_initFLLSettle                          
00011f60  UCS_turnOffXT2                             
00011898  UCS_turnOnXT2WithTimeout                   
0000452a  UNMI_ISR                                   
00010e0e  USBCDC_getBytesInUSBBuffer                 
00010828  USBCDC_getInterfaceStatus                  
00011f68  USBCDC_handleDataReceived                  
00011fa8  USBCDC_handleReceiveCompleted              
00011fac  USBCDC_handleSendCompleted                 
00011fb0  USBCDC_handleSetControlLineState           
00011fb4  USBCDC_handleSetLineCoding                 
00010000  USBCDC_receiveData                         
00011722  USBCDC_receiveDataInBuffer                 
00010fb2  USBCDC_sendData                            
000111fa  USBCDC_sendDataInBackground                
00000902  USBCNF                                     
00000903  USBCNF_H                                   
00000902  USBCNF_L                                   
0000093c  USBCTL                                     
0000093a  USBFN                                      
0000093b  USBFN_H                                    
0000093a  USBFN_L                                    
0000093f  USBFUNADR                                  
000118d8  USBHAL_initClocks                          
00010bb4  USBHAL_initPorts                           
0000093d  USBIE                                      
00002378  USBIEP0BUF                                 
000023c9  USBIEPBBAX_1                               
000023d1  USBIEPBBAX_2                               
000023d9  USBIEPBBAX_3                               
000023e1  USBIEPBBAX_4                               
000023e9  USBIEPBBAX_5                               
000023f1  USBIEPBBAX_6                               
000023f9  USBIEPBBAX_7                               
000023cd  USBIEPBBAY_1                               
000023d5  USBIEPBBAY_2                               
000023dd  USBIEPBBAY_3                               
000023e5  USBIEPBBAY_4                               
000023ed  USBIEPBBAY_5                               
000023f5  USBIEPBBAY_6                               
000023fd  USBIEPBBAY_7                               
000023ca  USBIEPBCTX_1                               
000023d2  USBIEPBCTX_2                               
000023da  USBIEPBCTX_3                               
000023e2  USBIEPBCTX_4                               
000023ea  USBIEPBCTX_5                               
000023f2  USBIEPBCTX_6                               
000023fa  USBIEPBCTX_7                               
000023ce  USBIEPBCTY_1                               
000023d6  USBIEPBCTY_2                               
000023de  USBIEPBCTY_3                               
000023e6  USBIEPBCTY_4                               
000023ee  USBIEPBCTY_5                               
000023f6  USBIEPBCTY_6                               
000023fe  USBIEPBCTY_7                               
00000920  USBIEPCNF_0                                
000023c8  USBIEPCNF_1                                
000023d0  USBIEPCNF_2                                
000023d8  USBIEPCNF_3                                
000023e0  USBIEPCNF_4                                
000023e8  USBIEPCNF_5                                
000023f0  USBIEPCNF_6                                
000023f8  USBIEPCNF_7                                
00000921  USBIEPCNT_0                                
0000092e  USBIEPIE                                   
00000930  USBIEPIFG                                  
000023cf  USBIEPSIZXY_1                              
000023d7  USBIEPSIZXY_2                              
000023df  USBIEPSIZXY_3                              
000023e7  USBIEPSIZXY_4                              
000023ef  USBIEPSIZXY_5                              
000023f7  USBIEPSIZXY_6                              
000023ff  USBIEPSIZXY_7                              
0000093e  USBIFG                                     
00000900  USBKEYID                                   
00000901  USBKEYID_H                                 
00000900  USBKEYID_L                                 
00000936  USBMAINT                                   
00000937  USBMAINT_H                                 
00000936  USBMAINT_L                                 
00002370  USBOEP0BUF                                 
00002389  USBOEPBBAX_1                               
00002391  USBOEPBBAX_2                               
00002399  USBOEPBBAX_3                               
000023a1  USBOEPBBAX_4                               
000023a9  USBOEPBBAX_5                               
000023b1  USBOEPBBAX_6                               
000023b9  USBOEPBBAX_7                               
0000238d  USBOEPBBAY_1                               
00002395  USBOEPBBAY_2                               
0000239d  USBOEPBBAY_3                               
000023a5  USBOEPBBAY_4                               
000023ad  USBOEPBBAY_5                               
000023b5  USBOEPBBAY_6                               
000023bd  USBOEPBBAY_7                               
0000238a  USBOEPBCTX_1                               
00002392  USBOEPBCTX_2                               
0000239a  USBOEPBCTX_3                               
000023a2  USBOEPBCTX_4                               
000023aa  USBOEPBCTX_5                               
000023b2  USBOEPBCTX_6                               
000023ba  USBOEPBCTX_7                               
0000238e  USBOEPBCTY_1                               
00002396  USBOEPBCTY_2                               
0000239e  USBOEPBCTY_3                               
000023a6  USBOEPBCTY_4                               
000023ae  USBOEPBCTY_5                               
000023b6  USBOEPBCTY_6                               
000023be  USBOEPBCTY_7                               
00000922  USBOEPCNF_0                                
00002388  USBOEPCNF_1                                
00002390  USBOEPCNF_2                                
00002398  USBOEPCNF_3                                
000023a0  USBOEPCNF_4                                
000023a8  USBOEPCNF_5                                
000023b0  USBOEPCNF_6                                
000023b8  USBOEPCNF_7                                
00000923  USBOEPCNT_0                                
0000092f  USBOEPIE                                   
00000931  USBOEPIFG                                  
0000238f  USBOEPSIZXY_1                              
00002397  USBOEPSIZXY_2                              
0000239f  USBOEPSIZXY_3                              
000023a7  USBOEPSIZXY_4                              
000023af  USBOEPSIZXY_5                              
000023b7  USBOEPSIZXY_6                              
000023bf  USBOEPSIZXY_7                              
00000904  USBPHYCTL                                  
00000905  USBPHYCTL_H                                
00000904  USBPHYCTL_L                                
00000910  USBPLLCTL                                  
00000911  USBPLLCTL_H                                
00000910  USBPLLCTL_L                                
00000912  USBPLLDIVB                                 
00000913  USBPLLDIVB_H                               
00000912  USBPLLDIVB_L                               
00000914  USBPLLIR                                   
00000915  USBPLLIR_H                                 
00000914  USBPLLIR_L                                 
00000908  USBPWRCTL                                  
00000909  USBPWRCTL_H                                
00000908  USBPWRCTL_L                                
00001c00  USBSTABUFF                                 
00002380  USBSUBLK                                   
0000236f  USBTOPBUFF                                 
00000938  USBTSREG                                   
00000939  USBTSREG_H                                 
00000938  USBTSREG_L                                 
00000932  USBVECINT                                  
00000933  USBVECINT_H                                
00000932  USBVECINT_L                                
000108ee  USB_InitSerialStringDescriptor             
0000257a  USB_RX_memcpy                              
0000257e  USB_TX_memcpy                              
00011d82  USB_connect                                
000109b4  USB_determineFreq                          
00010a70  USB_determineXT2Freq                       
00011c5e  USB_disable                                
00010580  USB_enable                                 
00011a68  USB_getConnectionInformation               
00010ce4  USB_getConnectionState                     
00011f90  USB_getVersion                             
00011fb8  USB_handleClockEvent                       
00011fbc  USB_handleEnumerationCompleteEvent         
00011fc0  USB_handleResetEvent                       
00011fc4  USB_handleResumeEvent                      
00011fc8  USB_handleSuspendEvent                     
00011f70  USB_handleVbusOffEvent                     
00011e58  USB_handleVbusOnEvent                      
00010c4c  USB_init                                   
0001152c  USB_initMemcpy                             
000119ca  USB_lookUpPll                              
00010328  USB_reset                                  
00011dd0  USB_resume                                 
0001184e  USB_setup                                  
00011a9a  USB_suspend                                
00002504  VERSION                                    
0000015c  WDTCTL                                     
0000015d  WDTCTL_H                                   
0000015c  WDTCTL_L                                   
00011d9c  WDT_A_hold                                 
00004400  __STACK_END                                
000000a0  __STACK_SIZE                               
000047f2  __TI_CINIT_Base                            
00004802  __TI_CINIT_Limit                           
000047e0  __TI_Handler_Table_Base                    
000047ec  __TI_Handler_Table_Limit                   
00004584  __TI_ISR_TRAP                              
000115e0  __TI_auto_init_nobinit_nopinit_hold_wdt    
000110a2  __TI_decompress_lzss                       
00011ebc  __TI_decompress_none                       
0000ffd2  __TI_int41                                 
0000ffd4  __TI_int42                                 
0000ffd6  __TI_int43                                 
0000ffd8  __TI_int44                                 
0000ffda  __TI_int45                                 
0000ffdc  __TI_int46                                 
0000ffde  __TI_int47                                 
0000ffe0  __TI_int48                                 
0000ffe2  __TI_int49                                 
0000ffe4  __TI_int50                                 
0000ffe6  __TI_int51                                 
0000ffe8  __TI_int52                                 
0000ffea  __TI_int53                                 
0000ffec  __TI_int54                                 
0000ffee  __TI_int55                                 
0000fff0  __TI_int56                                 
0000fff2  __TI_int57                                 
0000fff4  __TI_int58                                 
0000fff6  __TI_int59                                 
0000fff8  __TI_int60                                 
0000fffa  __TI_int61                                 
0000fffc  __TI_int62                                 
ffffffff  __TI_pprof_out_hndl                        
ffffffff  __TI_prof_data_size                        
ffffffff  __TI_prof_data_start                       
00011bf2  __TI_zero_init_nomemset                    
ffffffff  __c_args__                                 
00011e16  __mspabi_divu                              
00011588  __mspabi_divul                             
00011de8  __mspabi_mpyi_f5hw                         
00011e16  __mspabi_remu                              
00011588  __mspabi_remul                             
00011f4c  __mspabi_slli                              
0001194e  __mspabi_slll_1                            
0001192a  __mspabi_slll_10                           
00011926  __mspabi_slll_11                           
00011922  __mspabi_slll_12                           
0001191e  __mspabi_slll_13                           
0001191a  __mspabi_slll_14                           
00011916  __mspabi_slll_15                           
0001194a  __mspabi_slll_2                            
00011946  __mspabi_slll_3                            
00011942  __mspabi_slll_4                            
0001193e  __mspabi_slll_5                            
0001193a  __mspabi_slll_6                            
00011936  __mspabi_slll_7                            
00011932  __mspabi_slll_8                            
0001192e  __mspabi_slll_9                            
00011f56  __mspabi_srli                              
0001198c  __mspabi_srll_1                            
00011968  __mspabi_srll_10                           
00011964  __mspabi_srll_11                           
00011960  __mspabi_srll_12                           
0001195c  __mspabi_srll_13                           
00011958  __mspabi_srll_14                           
00011954  __mspabi_srll_15                           
00011988  __mspabi_srll_2                            
00011984  __mspabi_srll_3                            
00011980  __mspabi_srll_4                            
0001197c  __mspabi_srll_5                            
00011978  __mspabi_srll_6                            
00011974  __mspabi_srll_7                            
00011970  __mspabi_srll_8                            
0001196c  __mspabi_srll_9                            
00004568  _c_int00_noargs                            
0000fffe  _reset_vector                              
00004360  _stack                                     
00011fcc  _system_post_cinit                         
00011f42  _system_pre_init                           
00002378  abIEP0Buffer                               
00002370  abOEP0Buffer                               
0000256a  abUsbRequestIncomingData                   
00002572  abUsbRequestReturnData                     
00011f96  abort                                      
0000250a  abramSerialStringDescriptor                
00004724  abromConfigurationDescriptorGroup          
000047a6  abromDeviceDescriptor                      
00004696  abromStringDescriptor                      
00002508  bCDCDataReceived_event                     
00002502  bEnumerationStatus                         
00002501  bFunctionSuspended                         
00002588  bStatusAction                              
00002400  dataBuffer                                 
00004400  iUsbInterruptHandler                       
00010b14  main                                       
00011e6c  memcpy                                     
000113a6  memcpyDMA                                  
00011d14  memcpyV                                    
00011e00  memset                                     
00001c00  pbXBufferAddressEp1                        
00001d00  pbXBufferAddressEp2                        
00001e00  pbXBufferAddressEp3                        
00001f00  pbXBufferAddressEp4                        
00002000  pbXBufferAddressEp5                        
00002100  pbXBufferAddressEp6                        
00002200  pbXBufferAddressEp7                        
00001c80  pbXBufferAddressEp81                       
00001d80  pbXBufferAddressEp82                       
00001e80  pbXBufferAddressEp83                       
00001f80  pbXBufferAddressEp84                       
00002080  pbXBufferAddressEp85                       
00002180  pbXBufferAddressEp86                       
00002280  pbXBufferAddressEp87                       
00001c40  pbYBufferAddressEp1                        
00001d40  pbYBufferAddressEp2                        
00001e40  pbYBufferAddressEp3                        
00001f40  pbYBufferAddressEp4                        
00002040  pbYBufferAddressEp5                        
00002140  pbYBufferAddressEp6                        
00002240  pbYBufferAddressEp7                        
00001cc0  pbYBufferAddressEp81                       
00001dc0  pbYBufferAddressEp82                       
00001ec0  pbYBufferAddressEp83                       
00001fc0  pbYBufferAddressEp84                       
000020c0  pbYBufferAddressEp85                       
000021c0  pbYBufferAddressEp86                       
[...]
00000904  USBPHYCTL_L                                
00000905  USBPHYCTL_H                                
00000908  USBPWRCTL                                  
00000908  USBPWRCTL_L                                
00000909  USBPWRCTL_H                                
00000910  USBPLLCTL                                  
00000910  USBPLLCTL_L                                
00000911  USBPLLCTL_H                                
00000912  USBPLLDIVB                                 
00000912  USBPLLDIVB_L                               
00000913  USBPLLDIVB_H                               
00000914  USBPLLIR                                   
00000914  USBPLLIR_L                                 
00000915  USBPLLIR_H                                 
00000920  USBIEPCNF_0                                
00000920  tEndPoint0DescriptorBlock                  
00000921  USBIEPCNT_0                                
00000922  USBOEPCNF_0                                
00000923  USBOEPCNT_0                                
0000092e  USBIEPIE                                   
0000092f  USBOEPIE                                   
00000930  USBIEPIFG                                  
00000931  USBOEPIFG                                  
00000932  USBVECINT                                  
00000932  USBVECINT_L                                
00000933  USBVECINT_H                                
00000936  USBMAINT                                   
00000936  USBMAINT_L                                 
00000937  USBMAINT_H                                 
00000938  USBTSREG                                   
00000938  USBTSREG_L                                 
00000939  USBTSREG_H                                 
0000093a  USBFN                                      
0000093a  USBFN_L                                    
0000093b  USBFN_H                                    
0000093c  USBCTL                                     
0000093d  USBIE                                      
0000093e  USBIFG                                     
0000093f  USBFUNADR                                  
00001c00  USBSTABUFF                                 
00001c00  pbXBufferAddressEp1                        
00001c40  pbYBufferAddressEp1                        
00001c80  pbXBufferAddressEp81                       
00001cc0  pbYBufferAddressEp81                       
00001d00  pbXBufferAddressEp2                        
00001d40  pbYBufferAddressEp2                        
00001d80  pbXBufferAddressEp82                       
00001dc0  pbYBufferAddressEp82                       
00001e00  pbXBufferAddressEp3                        
00001e40  pbYBufferAddressEp3                        
00001e80  pbXBufferAddressEp83                       
00001ec0  pbYBufferAddressEp83                       
00001f00  pbXBufferAddressEp4                        
00001f40  pbYBufferAddressEp4                        
00001f80  pbXBufferAddressEp84                       
00001fc0  pbYBufferAddressEp84                       
00002000  pbXBufferAddressEp5                        
00002040  pbYBufferAddressEp5                        
00002080  pbXBufferAddressEp85                       
000020c0  pbYBufferAddressEp85                       
00002100  pbXBufferAddressEp6                        
00002140  pbYBufferAddressEp6                        
00002180  pbXBufferAddressEp86                       
000021c0  pbYBufferAddressEp86                       
00002200  pbXBufferAddressEp7                        
00002240  pbYBufferAddressEp7                        
00002280  pbXBufferAddressEp87                       
000022c0  pbYBufferAddressEp87                       
0000236f  USBTOPBUFF                                 
00002370  USBOEP0BUF                                 
00002370  abOEP0Buffer                               
00002378  USBIEP0BUF                                 
00002378  abIEP0Buffer                               
00002380  USBSUBLK                                   
00002380  tSetupPacket                               
00002388  USBOEPCNF_1                                
00002388  tOutputEndPointDescriptorBlock             
00002389  USBOEPBBAX_1                               
0000238a  USBOEPBCTX_1                               
0000238d  USBOEPBBAY_1                               
0000238e  USBOEPBCTY_1                               
0000238f  USBOEPSIZXY_1                              
00002390  USBOEPCNF_2                                
00002391  USBOEPBBAX_2                               
00002392  USBOEPBCTX_2                               
00002395  USBOEPBBAY_2                               
00002396  USBOEPBCTY_2                               
00002397  USBOEPSIZXY_2                              
00002398  USBOEPCNF_3                                
00002399  USBOEPBBAX_3                               
0000239a  USBOEPBCTX_3                               
0000239d  USBOEPBBAY_3                               
0000239e  USBOEPBCTY_3                               
0000239f  USBOEPSIZXY_3                              
000023a0  USBOEPCNF_4                                
000023a1  USBOEPBBAX_4                               
000023a2  USBOEPBCTX_4                               
000023a5  USBOEPBBAY_4                               
000023a6  USBOEPBCTY_4                               
000023a7  USBOEPSIZXY_4                              
000023a8  USBOEPCNF_5                                
000023a9  USBOEPBBAX_5                               
000023aa  USBOEPBCTX_5                               
000023ad  USBOEPBBAY_5                               
000023ae  USBOEPBCTY_5                               
000023af  USBOEPSIZXY_5                              
000023b0  USBOEPCNF_6                                
000023b1  USBOEPBBAX_6                               
000023b2  USBOEPBCTX_6                               
000023b5  USBOEPBBAY_6                               
000023b6  USBOEPBCTY_6                               
000023b7  USBOEPSIZXY_6                              
000023b8  USBOEPCNF_7                                
000023b9  USBOEPBBAX_7                               
000023ba  USBOEPBCTX_7                               
000023bd  USBOEPBBAY_7                               
000023be  USBOEPBCTY_7                               
000023bf  USBOEPSIZXY_7                              
000023c8  USBIEPCNF_1                                
000023c8  tInputEndPointDescriptorBlock              
000023c9  USBIEPBBAX_1                               
000023ca  USBIEPBCTX_1                               
000023cd  USBIEPBBAY_1                               
000023ce  USBIEPBCTY_1                               
000023cf  USBIEPSIZXY_1                              
000023d0  USBIEPCNF_2                                
000023d1  USBIEPBBAX_2                               
000023d2  USBIEPBCTX_2                               
000023d5  USBIEPBBAY_2                               
000023d6  USBIEPBCTY_2                               
000023d7  USBIEPSIZXY_2                              
000023d8  USBIEPCNF_3                                
000023d9  USBIEPBBAX_3                               
000023da  USBIEPBCTX_3                               
000023dd  USBIEPBBAY_3                               
000023de  USBIEPBCTY_3                               
000023df  USBIEPSIZXY_3                              
000023e0  USBIEPCNF_4                                
000023e1  USBIEPBBAX_4                               
000023e2  USBIEPBCTX_4                               
000023e5  USBIEPBBAY_4                               
000023e6  USBIEPBCTY_4                               
000023e7  USBIEPSIZXY_4                              
000023e8  USBIEPCNF_5                                
000023e9  USBIEPBBAX_5                               
000023ea  USBIEPBCTX_5                               
000023ed  USBIEPBBAY_5                               
000023ee  USBIEPBCTY_5                               
000023ef  USBIEPSIZXY_5                              
000023f0  USBIEPCNF_6                                
000023f1  USBIEPBBAX_6                               
000023f2  USBIEPBCTX_6                               
000023f5  USBIEPBBAY_6                               
000023f6  USBIEPBCTY_6                               
000023f7  USBIEPSIZXY_6                              
000023f8  USBIEPCNF_7                                
000023f9  USBIEPBBAX_7                               
000023fa  USBIEPBCTX_7                               
000023fd  USBIEPBBAY_7                               
000023fe  USBIEPBCTY_7                               
000023ff  USBIEPSIZXY_7                              
00002400  dataBuffer                                 
00002501  bFunctionSuspended                         
00002502  bEnumerationStatus                         
00002504  VERSION                                    
00002508  bCDCDataReceived_event                     
0000250a  abramSerialStringDescriptor                
0000252c  CdcReadCtrl                                
00002556  CdcWriteCtrl                               
0000256a  abUsbRequestIncomingData                   
00002572  abUsbRequestReturnData                     
0000257a  USB_RX_memcpy                              
0000257e  USB_TX_memcpy                              
00002582  wBytesRemainingOnIEP0                      
00002584  wBytesRemainingOnOEP0                      
00002586  wUsbEventMask                              
00002588  bStatusAction                              
00004360  _stack                                     
00004400  __STACK_END                                
00004400  iUsbInterruptHandler                       
0000452a  UNMI_ISR                                   
00004568  _c_int00_noargs                            
00004584  __TI_ISR_TRAP                              
0000458c  tUsbRequestList                            
00004696  abromStringDescriptor                      
00004724  abromConfigurationDescriptorGroup          
000047a6  abromDeviceDescriptor                      
000047b8  stUsbHandle                                
000047e0  __TI_Handler_Table_Base                    
000047ec  __TI_Handler_Table_Limit                   
000047f2  __TI_CINIT_Base                            
00004802  __TI_CINIT_Limit                           
0000ffd2  __TI_int41                                 
0000ffd4  __TI_int42                                 
0000ffd6  __TI_int43                                 
0000ffd8  __TI_int44                                 
0000ffda  __TI_int45                                 
0000ffdc  __TI_int46                                 
0000ffde  __TI_int47                                 
0000ffe0  __TI_int48                                 
0000ffe2  __TI_int49                                 
0000ffe4  __TI_int50                                 
0000ffe6  __TI_int51                                 
0000ffe8  __TI_int52                                 
0000ffea  __TI_int53                                 
0000ffec  __TI_int54                                 
0000ffee  __TI_int55                                 
0000fff0  __TI_int56                                 
0000fff2  __TI_int57                                 
0000fff4  __TI_int58                                 
0000fff6  __TI_int59                                 
0000fff8  __TI_int60                                 
0000fffa  __TI_int61                                 
0000fffc  __TI_int62                                 
0000fffe  _reset_vector                              
00010000  USBCDC_receiveData                         
000101c8  CdcToHostFromBuffer                        
00010328  USB_reset                                  
00010466  CdcToBufferFromHost                        
00010580  USB_enable                                 
0001067a  UCS_initFLL                                
0001075c  PMM_setVCoreUp                             
00010828  USBCDC_getInterfaceStatus                  
000108ee  USB_InitSerialStringDescriptor             
000109b4  USB_determineFreq                          
00010a70  USB_determineXT2Freq                       
00010b14  main                                       
00010bb4  USBHAL_initPorts                           
00010c4c  USB_init                                   
00010ce4  USB_getConnectionState                     
00010d7a  PMM_setVCoreDown                           
00010e0e  USBCDC_getBytesInUSBBuffer                 
00010e9e  UCS_initClockSignal                        
00010f2a  usbDecodeAndProcessUsbRequest              
00010fb2  USBCDC_sendData                            
0001102c  CopyUsbToBuff                              
000110a2  __TI_decompress_lzss                       
00011118  usbSendNextPacketOnIEP0                    
0001118c  PWRVBUSoffHandler                          
000111fa  USBCDC_sendDataInBackground                
00011268  usbGetLineCoding                           
000112d4  usbGetEndpointStatus                       
0001133e  Handler_SetLineCoding                      
000113a6  memcpyDMA                                  
0001140a  DMA_init                                   
0001146c  PWRVBUSonHandler                           
000114ce  usbClearEndpointFeature                    
0001152c  USB_initMemcpy                             
00011588  __mspabi_divul                             
00011588  __mspabi_remul                             
000115e0  __TI_auto_init_nobinit_nopinit_hold_wdt    
00011634  usbSetEndpointFeature                      
00011686  usbGetStringDescriptor                     
000116d6  TLV_getInfo                                
00011722  USBCDC_receiveDataInBuffer                 
0001176e  usbReceiveNextPacketOnOEP0                 
000117ba  PMM_setVCore                               
00011804  SetupPacketInterruptHandler                
0001184e  USB_setup                                  
00011898  UCS_turnOnXT2WithTimeout                   
000118d8  USBHAL_initClocks                          
00011916  __mspabi_slll_15                           
0001191a  __mspabi_slll_14                           
0001191e  __mspabi_slll_13                           
00011922  __mspabi_slll_12                           
00011926  __mspabi_slll_11                           
0001192a  __mspabi_slll_10                           
0001192e  __mspabi_slll_9                            
00011932  __mspabi_slll_8                            
00011936  __mspabi_slll_7                            
0001193a  __mspabi_slll_6                            
0001193e  __mspabi_slll_5                            
00011942  __mspabi_slll_4                            
00011946  __mspabi_slll_3                            
0001194a  __mspabi_slll_2                            
0001194e  __mspabi_slll_1                            
00011954  __mspabi_srll_15                           
00011958  __mspabi_srll_14                           
0001195c  __mspabi_srll_13                           
00011960  __mspabi_srll_12                           
00011964  __mspabi_srll_11                           
00011968  __mspabi_srll_10                           
0001196c  __mspabi_srll_9                            
00011970  __mspabi_srll_8                            
00011974  __mspabi_srll_7                            
00011978  __mspabi_srll_6                            
0001197c  __mspabi_srll_5                            
00011980  __mspabi_srll_4                            
00011984  __mspabi_srll_3                            
00011988  __mspabi_srll_2                            
0001198c  __mspabi_srll_1                            
00011992  OEP0InterruptHandler                       
000119ca  USB_lookUpPll                              
00011a02  usbSetAddress                              
00011a36  UCS_initFLLSettle                          
00011a68  USB_getConnectionInformation               
00011a9a  USB_suspend                                
00011aca  usbSetConfiguration                        
00011afa  CdcResetData                               
00011b28  usbGetDeviceStatus                         
00011b54  DMA_setDstAddress                          
00011b7c  GPIO_setAsOutputPin                        
00011ba4  GPIO_setAsPeripheralModuleFunctionOutputPin
00011bcc  DMA_setSrcAddress                          
00011bf2  __TI_zero_init_nomemset                    
00011c16  usbClearDeviceFeature                      
00011c3a  usbSetDeviceFeature                        
00011c5e  USB_disable                                
00011c80  usbSendDataPacketOnEP0                     
00011ca0  usbGetInterface                            
00011cbe  usbGetInterfaceStatus                      
00011cdc  GPIO_setOutputLowOnPin                     
00011cf8  IEP0InterruptHandler                       
00011d14  memcpyV                                    
00011d30  usbDisableInEndpointInterrupt              
00011d4c  usbDisableOutEndpointInterrupt             
00011d68  CdcIsReceiveInProgress                     
00011d82  USB_connect                                
00011d9c  WDT_A_hold                                 
00011db6  usbSetInterface                            
00011dd0  USB_resume                                 
00011de8  __mspabi_mpyi_f5hw                         
00011e00  memset                                     
00011e16  __mspabi_divu                              
00011e16  __mspabi_remu                              
00011e2c  usbGetConfigurationDescriptor              
00011e42  usbGetDeviceDescriptor                     
00011e58  USB_handleVbusOnEvent                      
00011e6c  memcpy                                     
00011e80  usbGetConfiguration                        
00011e94  usbReceiveDataPacketOnEP0                  
00011ea8  usbSetControlLineState                     
00011ebc  __TI_decompress_none                       
00011ece  usbInvalidRequest                          
00011ee0  DMA_disableTransfers                       
00011ef0  DMA_enableTransfers                        
00011f00  DMA_getInterruptStatus                     
00011f0e  DMA_startTransfer                          
00011f1c  usbSendZeroLengthPacketOnIEP0              
00011f2a  DMA_setTransferSize                        
00011f36  usbSetLineCoding                           
00011f42  _system_pre_init                           
00011f4c  __mspabi_slli                              
00011f56  __mspabi_srli                              
00011f60  UCS_turnOffXT2                             
00011f68  USBCDC_handleDataReceived                  
00011f70  USB_handleVbusOffEvent                     
00011f78  DMA_disableTransferDuringReadModifyWrite   
00011f7e  DMA_enableTransferDuringReadModifyWrite    
00011f84  SFR_clearInterrupt                         
00011f8a  UCS_clearFaultFlag                         
00011f90  USB_getVersion                             
00011f96  C$$EXIT                                    
00011f96  abort                                      
00011f9c  usbRestoreInEndpointInterrupt              
00011fa2  usbRestoreOutEndpointInterrupt             
00011fa8  USBCDC_handleReceiveCompleted              
00011fac  USBCDC_handleSendCompleted                 
00011fb0  USBCDC_handleSetControlLineState           
00011fb4  USBCDC_handleSetLineCoding                 
00011fb8  USB_handleClockEvent                       
00011fbc  USB_handleEnumerationCompleteEvent         
00011fc0  USB_handleResetEvent                       
00011fc4  USB_handleResumeEvent                      
00011fc8  USB_handleSuspendEvent                     
00011fcc  _system_post_cinit                         
ffffffff  __TI_pprof_out_hndl                        
ffffffff  __TI_prof_data_size                        
ffffffff  __TI_prof_data_start                       
ffffffff  __c_args__                                 

[992 symbols]
